{"status":"running","version":"1.0.0","llm":"groq","vertical":"general"}{"status":"ok"}{"reply":"Namaste! 👋 Main aapka AI assistant hoon. Main aapki kaise madad kar sakta hoon?","phone_number":"919876543210"}{"reply":"Namaste! 👋 Main aapka AI assistant hoon. Main aapki kaise madad kar sakta hoon?","phone_number":"919876543210"}{"reply":"Pricing ke baare mein jaankari ke liye, kya aap bata sakte hain ki aapko kis service mein interest hai?","phone_number":"919876543210"}{"reply":"Namaste! 👋 Main aapka AI assistant hoon. Main aapki kaise madad kar sakta hoon?","phone_number":"919876543210"}{"reply":"Dhanyavad! 🙏 Koi aur madad chahiye toh bataiye. Shubh din!","phone_number":"919876543210"}{"status":"ok","vertical":"doctor"}{"reply":"Kya aap apne symptoms detail mein bata sakte hain? Emergency hai toh 108 dial karein!","phone_number":"919876543210"}